  Γû▓ Next.js 14.2.35

   Creating an optimized production build ...
 Γ£ô Compiled successfully
   Linting and checking validity of types ...
node.exe : 
At C:\Program 
Files\nodejs\npx.ps1:29 
char:3
+   & $NODE_EXE $NPX_CLI_JS 
$args
+   ~~~~~~~~~~~~~~~~~~~~~~~~
~~~~~
    + CategoryInfo          
    : NotSpecified: (:Stri  
  ng) [], RemoteException
    + FullyQualifiedErrorId 
    : NativeCommandError
 
Failed to compile.

./src/app/campaigns/page.tsx
79:8  Warning: React Hook 
useEffect has a missing 
dependency: 
'fetchCampaigns'. Either 
include it or remove the 
dependency array.  
react-hooks/exhaustive-deps

./src/app/dashboard/brand/pa
ge.tsx
163:34  Error: 'i' is 
defined but never used.  @ty
pescript-eslint/no-unused-va
rs

./src/app/dashboard/creator/
page.tsx
10:29  Error: 'CardHeader' 
is defined but never used.  
@typescript-eslint/no-unused
-vars
10:41  Error: 'CardTitle' 
is defined but never used.  
@typescript-eslint/no-unused
-vars
23:5  Error: 'ArrowRight' 
is defined but never used.  
@typescript-eslint/no-unused
-vars
53:12  Error: 'loading' is 
assigned a value but never 
used.  @typescript-eslint/no
-unused-vars

./src/app/requests/page.tsx
14:5  Error: 'addDoc' is 
defined but never used.  @ty
pescript-eslint/no-unused-va
rs
21:29  Error: 'CardHeader' 
is defined but never used.  
@typescript-eslint/no-unused
-vars
21:41  Error: 'CardTitle' 
is defined but never used.  
@typescript-eslint/no-unused
-vars
72:8  Warning: React Hook 
useEffect has a missing 
dependency: 
'fetchRequests'. Either 
include it or remove the 
dependency array.  
react-hooks/exhaustive-deps
106:30  Error: 'e' is 
defined but never used.  @ty
pescript-eslint/no-unused-va
rs
116:34  Error: 'e' is 
defined but never used.  @ty
pescript-eslint/no-unused-va
rs
126:34  Error: 'e' is 
defined but never used.  @ty
pescript-eslint/no-unused-va
rs

./src/components/DashboardSh
ell.tsx
26:13  Error: 'user' is 
assigned a value but never 
used.  @typescript-eslint/no
-unused-vars

./src/components/ui/input.ts
x
4:18  Error: An interface 
declaring no members is 
equivalent to its 
supertype.  @typescript-esli
nt/no-empty-object-type

./src/components/ui/textarea
.tsx
4:18  Error: An interface 
declaring no members is 
equivalent to its 
supertype.  @typescript-esli
nt/no-empty-object-type

./src/context/AuthContext.ts
x
6:10  Error: 'auth' is 
defined but never used.  @ty
pescript-eslint/no-unused-va
rs

info  - Need to disable 
some ESLint rules? Learn 
more here: https://nextjs.or
g/docs/basic-features/eslint
#disabling-rules
